\BOOKMARK [1][-]{section*.1}{\376\377\325\134\262\010\305\320\000\040\274\364\256\060}{}% 1
\BOOKMARK [1][-]{section.1}{\376\377\320\160\000\040\255\370\271\274\000:\000\040\264\120\000\040\262\350\254\304\270\134\000\040\260\230\262\134\000\040\272\250\263\170}{}% 2
\BOOKMARK [1][-]{section.2}{\376\377\275\200\326\070\000\040\254\160\271\254\267\200\000\040\273\064\305\307\307\170\254\000}{}% 3
\BOOKMARK [1][-]{section.3}{\376\377\0001\262\350\254\304\000:\000\040\326\025\300\301\000\040\305\125\315\225\000\040\272\250\263\170}{}% 4
\BOOKMARK [2][-]{subsection.3.1}{\376\377\306\224\305\175\275\200\000:\000\040\324\134\272\164\000\040\310\020\000\040\0006\0001\0004\0004\254\034\000\040\000\040\326\025\300\301\000\040\317\124\264\334}{section.3}% 5
\BOOKMARK [2][-]{subsection.3.2}{\376\377\274\365\306\320\275\200\000:\000\040\305\104\273\064\000\040\310\020\305\320\301\034\260\230\000\040\275\200\326\070\000\040\254\160\271\254}{section.3}% 6
\BOOKMARK [2][-]{subsection.3.3}{\376\377\000`\000`\0003\0002\321\240\320\160\000\040\000\040\0003\0002\314\104\261\020\000'\000'\307\104\000\040\255\370\271\274\307\074\270\134}{section.3}% 7
\BOOKMARK [2][-]{subsection.3.4}{\376\377\320\154\256\060\000\040\265\060\267\174\254\000\256\060\000:\000\040\305\264\265\024\301\034\000\040\273\064\305\307\307\164\000\040\272\207\000\040\254\034\307\170\254\000}{section.3}% 8
\BOOKMARK [2][-]{subsection.3.5}{\376\377\273\064\305\307\307\104\000\040\271\336\315\224\263\304\270\135\000\040\325\131\302\265\325\130\260\230}{section.3}% 9
\BOOKMARK [2][-]{subsection.3.6}{\376\377\325\131\302\265\000\040\302\034\301\034\000:\000\040\272\074\310\000\000\040\274\365\306\320\271\314\000,\000\040\255\370\262\344\307\114\000\040\327\124\264\344\271\274\254\374\000\040\274\214\310\020}{section.3}% 10
\BOOKMARK [2][-]{subsection.3.7}{\376\377\323\174\311\320\000\040\274\214\310\020\254\374\000\040\317\124\264\334\000\040\275\225\255\064}{section.3}% 11
\BOOKMARK [1][-]{section.4}{\376\377\0002\262\350\254\304\000:\000\040\300\335\301\061\000\040\272\250\263\170}{}% 12
\BOOKMARK [2][-]{subsection.4.1}{\376\377\307\241\307\114\305\320\301\034\000\040\326\025\300\301\000\040\317\124\264\334\256\114\311\300\000\040\0005\0000\254\170\307\114}{section.4}% 13
\BOOKMARK [2][-]{subsection.4.2}{\376\377\273\064\305\307\307\104\000\040\274\060\306\260\260\230}{section.4}% 14
\BOOKMARK [2][-]{subsection.4.3}{\376\377\310\160\254\164\000,\000\040\276\110\000\040\310\160\254\164\000,\000\040\310\160\254\164\000\040\254\025\310\160\000\040\274\060\307\050}{section.4}% 15
\BOOKMARK [1][-]{section.5}{\376\377\326\025\300\301\000\040\317\124\264\334\305\320\301\034\000\040\000S\000T\000L\256\114\311\300}{}% 16
\BOOKMARK [1][-]{section.6}{\376\377\000c\000o\000n\000f\000i\000g\000\040\307\221\301\061\274\225}{}% 17
\BOOKMARK [2][-]{subsection.6.1}{\376\377\256\060\274\370\000\040\273\070\274\225\254\374\000\040\302\344\325\211}{section.6}% 18
\BOOKMARK [2][-]{subsection.6.2}{\376\377\272\250\264\334\306\100\000\040\257\055\000\040\310\001\305\264\305\174\000\040\325\130\262\224\000\040\000k\000e\000y}{section.6}% 19
\BOOKMARK [2][-]{subsection.6.3}{\376\377\325\131\302\265\000\040\000c\000o\000n\000f\000i\000g\000:\000\040\000k\000e\000y\274\304\000\040\307\130\273\370\306\100\000\040\310\025\325\130\262\224\000\040\274\225}{section.6}% 20
\BOOKMARK [2][-]{subsection.6.4}{\376\377\274\024\320\064\000\040\302\030\262\224\000\040\315\251\275\204\325\134\254\000}{section.6}% 21
\BOOKMARK [2][-]{subsection.6.5}{\376\377\300\335\301\061\000\050\000s\000a\000m\000p\000l\000e\000\051\000\040\000c\000o\000n\000f\000i\000g}{section.6}% 22
\BOOKMARK [2][-]{subsection.6.6}{\376\377\274\364\254\004\000\050\000i\000n\000t\000e\000r\000p\000o\000l\000a\000t\000e\000\051\000\040\000c\000o\000n\000f\000i\000g}{section.6}% 23
\BOOKMARK [2][-]{subsection.6.7}{\376\377\274\365\306\320\000\050\000r\000e\000c\000o\000n\000s\000t\000r\000u\000c\000t\000\051\254\374\000\040\323\311\254\000\000\050\000e\000v\000a\000l\000u\000a\000t\000e\000\051\000\040\000c\000o\000n\000f\000i\000g}{section.6}% 24
\BOOKMARK [2][-]{subsection.6.8}{\376\377\307\220\310\374\000\040\325\130\262\224\000\040\302\344\302\030\000\040\310\020\254\200\324\134}{section.6}% 25
\BOOKMARK [1][-]{section.7}{\376\377\302\344\325\330\000\040\274\051\274\225}{}% 26
\BOOKMARK [2][-]{subsection.7.1}{\376\377\263\160\307\164\321\060}{section.7}% 27
\BOOKMARK [2][-]{subsection.7.2}{\376\377\261\223\307\170\000\040\274\051\325\245}{section.7}% 28
\BOOKMARK [2][-]{subsection.7.3}{\376\377\276\104\255\120\325\134\000\040\272\250\263\170}{section.7}% 29
\BOOKMARK [2][-]{subsection.7.4}{\376\377\301\036\256\060\000\040\254\275\270\134\000\040\0007\254\000\311\300}{section.7}% 30
\BOOKMARK [2][-]{subsection.7.5}{\376\377\311\300\324\134}{section.7}% 31
\BOOKMARK [1][-]{section.8}{\376\377\000e\000x\0003\000\040\254\260\254\374}{}% 32
\BOOKMARK [2][-]{subsection.8.1}{\376\377\254\275\270\134\000\040\325\130\260\230\271\174\000\040\307\220\301\070\327\210\000\040\274\364\256\060}{section.8}% 33
\BOOKMARK [2][-]{subsection.8.2}{\376\377\305\354\267\354\000\040\254\275\270\134\307\130\000\040\321\265\254\304}{section.8}% 34
\BOOKMARK [2][-]{subsection.8.3}{\376\377\301\036\262\224\000\040\274\051\274\225\000\040\276\104\255\120}{section.8}% 35
\BOOKMARK [2][-]{subsection.8.4}{\376\377\262\344\271\170\000\040\310\205\271\130\000\040\300\254\307\164\000\040\301\036\256\060}{section.8}% 36
\BOOKMARK [2][-]{subsection.8.5}{\376\377\260\135\310\020\000\040\274\365\306\320\000\040\326\125\307\170}{section.8}% 37
\BOOKMARK [2][-]{subsection.8.6}{\376\377\322\220\307\130\000\040\300\301\262\371\000\040\275\200\275\204\307\100\000\040\274\051\325\245\000\040\310\004\326\130\307\164\262\344}{section.8}% 38
\BOOKMARK [2][-]{subsection.8.7}{\376\377\310\160\254\164\275\200\270\134\000\040\325\130\272\164\000\040\260\230\305\104\311\300\260\230}{section.8}% 39
\BOOKMARK [2][-]{subsection.8.8}{\376\377\316\220\302\254\000\040\261\010\322\270\306\100\000\040\0001\262\350\254\304\000\040\310\020\254\200\306\251\000\040\306\044\314\050}{section.8}% 40
\BOOKMARK [2][-]{subsection.8.9}{\376\377\310\160\254\164\000\040\305\306\262\224\000\040\300\335\301\061\000\040\254\260\254\374}{section.8}% 41
\BOOKMARK [1][-]{section.9}{\376\377\000D\000e\000e\000p\000J\000E\000B}{}% 42
\BOOKMARK [2][-]{subsection.9.1}{\376\377\306\134\000\040\000D\000e\000e\000p\000J\000E\000B\270\134\000\040\272\074\310\000\000\040\325\130\260\230}{section.9}% 43
\BOOKMARK [2][-]{subsection.9.2}{\376\377\000J\0000\000:\000\040\256\060\310\164\000\040\000S\000t\000u\000d\000i\000o\000\040\302\344\325\330\307\100\000\040\275\225\255\064\325\210\262\344}{section.9}% 44
\BOOKMARK [2][-]{subsection.9.3}{\376\377\000J\0001\040\023\000J\0003\000\040\0001\262\350\254\304\000\040\254\260\254\374}{section.9}% 45
\BOOKMARK [2][-]{subsection.9.4}{\376\377\254\304\326\215\254\374\000\040\311\304\325\211}{section.9}% 46
\BOOKMARK [2][-]{subsection.9.5}{\376\377\254\260\254\374}{section.9}% 47
\BOOKMARK [2][-]{subsection.9.6}{\376\377\300\335\301\061\000\267\301\036\256\060\000\040\323\311\254\000\000\040\000\050\000J\0003\000,\000\040\000J\0001\000,\000\040\000J\0002\000,\000\040\000J\0000\000\051}{section.9}% 48
\BOOKMARK [1][-]{section.10}{\376\377\263\000\324\134\310\020\000\040\302\030\000\040\262\344\302\334\000\040\274\364\256\060\000:\000\040\0003\0002\262\224\000\040\261\010\273\064\000\040\307\221\307\100\254\000\000,\000\040\0005\0001\0002\262\224\000\040\305\110\000\040\264\030\262\224\254\000}{}% 49
\BOOKMARK [2][-]{subsection.10.1}{\376\377\000D\000e\000e\000p\000J\000E\000B\000\040\254\260\254\374}{section.10}% 50
\BOOKMARK [2][-]{subsection.10.2}{\376\377\262\344\271\170\000\040\263\160\307\164\321\060\305\320\301\034\000\040\326\125\307\170}{section.10}% 51
\BOOKMARK [2][-]{subsection.10.3}{\376\377\254\260\270\140\000:\000\040\263\000\324\134\310\020\000\040\302\030}{section.10}% 52
\BOOKMARK [1][-]{section.11}{\376\377\300\310\000\040\256\060\274\370\254\022\000:\000\040\263\000\324\134\310\020\000\040\0001\0002\0008\000\040\000+\000\040\0002\262\350\254\304\000\040\314\230\274\051}{}% 53
\BOOKMARK [2][-]{subsection.11.1}{\376\377\300\335\301\061}{section.11}% 54
\BOOKMARK [2][-]{subsection.11.2}{\376\377\301\036\256\060}{section.11}% 55
\BOOKMARK [2][-]{subsection.11.3}{\376\377\325\004\270\134\255\370\267\250\307\130\000\040\274\364\254\004\000\040\256\060\262\245}{section.11}% 56
\BOOKMARK [2][-]{subsection.11.4}{\376\377\262\344\302\334\000\040\271\314\264\340\000\040\000M\000C\000B\000\040\263\160\307\164\321\060\270\134\000\040\262\344\302\334\000\040\325\131\302\265}{section.11}% 57
\BOOKMARK [2][-]{subsection.11.5}{\376\377\254\260\270\140\000:\000\040\300\310\000\040\256\060\274\370\254\022}{section.11}% 58
\BOOKMARK [1][-]{section.12}{\376\377\255\214\307\245\000\040\300\254\325\155\000\040\000\050\0009\306\324\000\040\0002\0008\307\174\000\040\307\221\301\061\000,\000\040\307\174\275\200\000\040\310\001\306\251\000\051}{}% 59
\BOOKMARK [1][-]{section.13}{\376\377\325\134\254\304}{}% 60
\BOOKMARK [1][-]{appendix.A}{\376\377\324\200\305\264\000\040\304\364\000\040\271\320\254\374\000\040\327\124\327\210\000\040\304\360\262\224\000\040\306\251\305\264}{}% 61
\BOOKMARK [1][-]{appendix.B}{\376\377\000e\000x\0003\000\040\325\131\302\265\000\040\000c\000o\000n\000f\000i\000g\000\040\306\320\273\070}{}% 62
